Archive member included to satisfy reference by file (symbol)

a:/atmel/7.0/toolchain/avr8/avr8-gnu-toolchain/bin/../lib/gcc/avr/5.4.0/avr4\libgcc.a(_exit.o)
                              A:/Atmel/7.0/Packs/atmel/ATmega_DFP/1.2.209/gcc/dev/atmega8a/avr4/crtatmega8a.o (exit)
a:/atmel/7.0/toolchain/avr8/avr8-gnu-toolchain/bin/../lib/gcc/avr/5.4.0/avr4\libgcc.a(_copy_data.o)
                              main.o (__do_copy_data)
a:/atmel/7.0/toolchain/avr8/avr8-gnu-toolchain/bin/../lib/gcc/avr/5.4.0/avr4\libgcc.a(_clear_bss.o)
                              main.o (__do_clear_bss)
a:/atmel/7.0/toolchain/avr8/avr8-gnu-toolchain/bin/../lib/gcc/avr/5.4.0/avr4\libgcc.a(_ctors.o)
                              main.o (__do_global_ctors)
a:/atmel/7.0/toolchain/avr8/avr8-gnu-toolchain/bin/../lib/gcc/avr/5.4.0/avr4\libgcc.a(_tablejump2.o)
                              a:/atmel/7.0/toolchain/avr8/avr8-gnu-toolchain/bin/../lib/gcc/avr/5.4.0/avr4\libgcc.a(_ctors.o) (__tablejump2__)

Discarded input sections

 .data          0x00000000        0x0 A:/Atmel/7.0/Packs/atmel/ATmega_DFP/1.2.209/gcc/dev/atmega8a/avr4/crtatmega8a.o
 .bss           0x00000000        0x0 A:/Atmel/7.0/Packs/atmel/ATmega_DFP/1.2.209/gcc/dev/atmega8a/avr4/crtatmega8a.o
 .text          0x00000000        0x0 main.o
 .data          0x00000000        0x0 main.o
 .bss           0x00000000        0x0 main.o
 .text          0x00000000        0x0 Nokia5110.o
 .data          0x00000000        0x0 Nokia5110.o
 .bss           0x00000000        0x0 Nokia5110.o
 .text          0x00000000        0x0 Ps2.o
 .data          0x00000000        0x0 Ps2.o
 .bss           0x00000000        0x0 Ps2.o
 .avr.prop      0x00000000       0x16 Ps2.o
 .text          0x00000000        0x0 a:/atmel/7.0/toolchain/avr8/avr8-gnu-toolchain/bin/../lib/gcc/avr/5.4.0/avr4\libgcc.a(_exit.o)
 .data          0x00000000        0x0 a:/atmel/7.0/toolchain/avr8/avr8-gnu-toolchain/bin/../lib/gcc/avr/5.4.0/avr4\libgcc.a(_exit.o)
 .bss           0x00000000        0x0 a:/atmel/7.0/toolchain/avr8/avr8-gnu-toolchain/bin/../lib/gcc/avr/5.4.0/avr4\libgcc.a(_exit.o)
 .text.libgcc.mul
                0x00000000        0x0 a:/atmel/7.0/toolchain/avr8/avr8-gnu-toolchain/bin/../lib/gcc/avr/5.4.0/avr4\libgcc.a(_exit.o)
 .text.libgcc.div
                0x00000000        0x0 a:/atmel/7.0/toolchain/avr8/avr8-gnu-toolchain/bin/../lib/gcc/avr/5.4.0/avr4\libgcc.a(_exit.o)
 .text.libgcc   0x00000000        0x0 a:/atmel/7.0/toolchain/avr8/avr8-gnu-toolchain/bin/../lib/gcc/avr/5.4.0/avr4\libgcc.a(_exit.o)
 .text.libgcc.prologue
                0x00000000        0x0 a:/atmel/7.0/toolchain/avr8/avr8-gnu-toolchain/bin/../lib/gcc/avr/5.4.0/avr4\libgcc.a(_exit.o)
 .text.libgcc.builtins
                0x00000000        0x0 a:/atmel/7.0/toolchain/avr8/avr8-gnu-toolchain/bin/../lib/gcc/avr/5.4.0/avr4\libgcc.a(_exit.o)
 .text.libgcc.fmul
                0x00000000        0x0 a:/atmel/7.0/toolchain/avr8/avr8-gnu-toolchain/bin/../lib/gcc/avr/5.4.0/avr4\libgcc.a(_exit.o)
 .text.libgcc.fixed
                0x00000000        0x0 a:/atmel/7.0/toolchain/avr8/avr8-gnu-toolchain/bin/../lib/gcc/avr/5.4.0/avr4\libgcc.a(_exit.o)
 .text          0x00000000        0x0 a:/atmel/7.0/toolchain/avr8/avr8-gnu-toolchain/bin/../lib/gcc/avr/5.4.0/avr4\libgcc.a(_copy_data.o)
 .data          0x00000000        0x0 a:/atmel/7.0/toolchain/avr8/avr8-gnu-toolchain/bin/../lib/gcc/avr/5.4.0/avr4\libgcc.a(_copy_data.o)
 .bss           0x00000000        0x0 a:/atmel/7.0/toolchain/avr8/avr8-gnu-toolchain/bin/../lib/gcc/avr/5.4.0/avr4\libgcc.a(_copy_data.o)
 .text.libgcc.mul
                0x00000000        0x0 a:/atmel/7.0/toolchain/avr8/avr8-gnu-toolchain/bin/../lib/gcc/avr/5.4.0/avr4\libgcc.a(_copy_data.o)
 .text.libgcc.div
                0x00000000        0x0 a:/atmel/7.0/toolchain/avr8/avr8-gnu-toolchain/bin/../lib/gcc/avr/5.4.0/avr4\libgcc.a(_copy_data.o)
 .text.libgcc   0x00000000        0x0 a:/atmel/7.0/toolchain/avr8/avr8-gnu-toolchain/bin/../lib/gcc/avr/5.4.0/avr4\libgcc.a(_copy_data.o)
 .text.libgcc.prologue
                0x00000000        0x0 a:/atmel/7.0/toolchain/avr8/avr8-gnu-toolchain/bin/../lib/gcc/avr/5.4.0/avr4\libgcc.a(_copy_data.o)
 .text.libgcc.builtins
                0x00000000        0x0 a:/atmel/7.0/toolchain/avr8/avr8-gnu-toolchain/bin/../lib/gcc/avr/5.4.0/avr4\libgcc.a(_copy_data.o)
 .text.libgcc.fmul
                0x00000000        0x0 a:/atmel/7.0/toolchain/avr8/avr8-gnu-toolchain/bin/../lib/gcc/avr/5.4.0/avr4\libgcc.a(_copy_data.o)
 .text.libgcc.fixed
                0x00000000        0x0 a:/atmel/7.0/toolchain/avr8/avr8-gnu-toolchain/bin/../lib/gcc/avr/5.4.0/avr4\libgcc.a(_copy_data.o)
 .text          0x00000000        0x0 a:/atmel/7.0/toolchain/avr8/avr8-gnu-toolchain/bin/../lib/gcc/avr/5.4.0/avr4\libgcc.a(_clear_bss.o)
 .data          0x00000000        0x0 a:/atmel/7.0/toolchain/avr8/avr8-gnu-toolchain/bin/../lib/gcc/avr/5.4.0/avr4\libgcc.a(_clear_bss.o)
 .bss           0x00000000        0x0 a:/atmel/7.0/toolchain/avr8/avr8-gnu-toolchain/bin/../lib/gcc/avr/5.4.0/avr4\libgcc.a(_clear_bss.o)
 .text.libgcc.mul
                0x00000000        0x0 a:/atmel/7.0/toolchain/avr8/avr8-gnu-toolchain/bin/../lib/gcc/avr/5.4.0/avr4\libgcc.a(_clear_bss.o)
 .text.libgcc.div
                0x00000000        0x0 a:/atmel/7.0/toolchain/avr8/avr8-gnu-toolchain/bin/../lib/gcc/avr/5.4.0/avr4\libgcc.a(_clear_bss.o)
 .text.libgcc   0x00000000        0x0 a:/atmel/7.0/toolchain/avr8/avr8-gnu-toolchain/bin/../lib/gcc/avr/5.4.0/avr4\libgcc.a(_clear_bss.o)
 .text.libgcc.prologue
                0x00000000        0x0 a:/atmel/7.0/toolchain/avr8/avr8-gnu-toolchain/bin/../lib/gcc/avr/5.4.0/avr4\libgcc.a(_clear_bss.o)
 .text.libgcc.builtins
                0x00000000        0x0 a:/atmel/7.0/toolchain/avr8/avr8-gnu-toolchain/bin/../lib/gcc/avr/5.4.0/avr4\libgcc.a(_clear_bss.o)
 .text.libgcc.fmul
                0x00000000        0x0 a:/atmel/7.0/toolchain/avr8/avr8-gnu-toolchain/bin/../lib/gcc/avr/5.4.0/avr4\libgcc.a(_clear_bss.o)
 .text.libgcc.fixed
                0x00000000        0x0 a:/atmel/7.0/toolchain/avr8/avr8-gnu-toolchain/bin/../lib/gcc/avr/5.4.0/avr4\libgcc.a(_clear_bss.o)
 .text          0x00000000        0x0 a:/atmel/7.0/toolchain/avr8/avr8-gnu-toolchain/bin/../lib/gcc/avr/5.4.0/avr4\libgcc.a(_ctors.o)
 .data          0x00000000        0x0 a:/atmel/7.0/toolchain/avr8/avr8-gnu-toolchain/bin/../lib/gcc/avr/5.4.0/avr4\libgcc.a(_ctors.o)
 .bss           0x00000000        0x0 a:/atmel/7.0/toolchain/avr8/avr8-gnu-toolchain/bin/../lib/gcc/avr/5.4.0/avr4\libgcc.a(_ctors.o)
 .text.libgcc.mul
                0x00000000        0x0 a:/atmel/7.0/toolchain/avr8/avr8-gnu-toolchain/bin/../lib/gcc/avr/5.4.0/avr4\libgcc.a(_ctors.o)
 .text.libgcc.div
                0x00000000        0x0 a:/atmel/7.0/toolchain/avr8/avr8-gnu-toolchain/bin/../lib/gcc/avr/5.4.0/avr4\libgcc.a(_ctors.o)
 .text.libgcc   0x00000000        0x0 a:/atmel/7.0/toolchain/avr8/avr8-gnu-toolchain/bin/../lib/gcc/avr/5.4.0/avr4\libgcc.a(_ctors.o)
 .text.libgcc.prologue
                0x00000000        0x0 a:/atmel/7.0/toolchain/avr8/avr8-gnu-toolchain/bin/../lib/gcc/avr/5.4.0/avr4\libgcc.a(_ctors.o)
 .text.libgcc.builtins
                0x00000000        0x0 a:/atmel/7.0/toolchain/avr8/avr8-gnu-toolchain/bin/../lib/gcc/avr/5.4.0/avr4\libgcc.a(_ctors.o)
 .text.libgcc.fmul
                0x00000000        0x0 a:/atmel/7.0/toolchain/avr8/avr8-gnu-toolchain/bin/../lib/gcc/avr/5.4.0/avr4\libgcc.a(_ctors.o)
 .text.libgcc.fixed
                0x00000000        0x0 a:/atmel/7.0/toolchain/avr8/avr8-gnu-toolchain/bin/../lib/gcc/avr/5.4.0/avr4\libgcc.a(_ctors.o)
 .text          0x00000000        0x0 a:/atmel/7.0/toolchain/avr8/avr8-gnu-toolchain/bin/../lib/gcc/avr/5.4.0/avr4\libgcc.a(_tablejump2.o)
 .data          0x00000000        0x0 a:/atmel/7.0/toolchain/avr8/avr8-gnu-toolchain/bin/../lib/gcc/avr/5.4.0/avr4\libgcc.a(_tablejump2.o)
 .bss           0x00000000        0x0 a:/atmel/7.0/toolchain/avr8/avr8-gnu-toolchain/bin/../lib/gcc/avr/5.4.0/avr4\libgcc.a(_tablejump2.o)
 .text.libgcc.mul
                0x00000000        0x0 a:/atmel/7.0/toolchain/avr8/avr8-gnu-toolchain/bin/../lib/gcc/avr/5.4.0/avr4\libgcc.a(_tablejump2.o)
 .text.libgcc.div
                0x00000000        0x0 a:/atmel/7.0/toolchain/avr8/avr8-gnu-toolchain/bin/../lib/gcc/avr/5.4.0/avr4\libgcc.a(_tablejump2.o)
 .text.libgcc.prologue
                0x00000000        0x0 a:/atmel/7.0/toolchain/avr8/avr8-gnu-toolchain/bin/../lib/gcc/avr/5.4.0/avr4\libgcc.a(_tablejump2.o)
 .text.libgcc.builtins
                0x00000000        0x0 a:/atmel/7.0/toolchain/avr8/avr8-gnu-toolchain/bin/../lib/gcc/avr/5.4.0/avr4\libgcc.a(_tablejump2.o)
 .text.libgcc.fmul
                0x00000000        0x0 a:/atmel/7.0/toolchain/avr8/avr8-gnu-toolchain/bin/../lib/gcc/avr/5.4.0/avr4\libgcc.a(_tablejump2.o)
 .text.libgcc.fixed
                0x00000000        0x0 a:/atmel/7.0/toolchain/avr8/avr8-gnu-toolchain/bin/../lib/gcc/avr/5.4.0/avr4\libgcc.a(_tablejump2.o)

Memory Configuration

Name             Origin             Length             Attributes
text             0x00000000         0x00002000         xr
data             0x00800060         0x0000ffa0         rw !x
eeprom           0x00810000         0x00010000         rw !x
fuse             0x00820000         0x00000002         rw !x
lock             0x00830000         0x00000400         rw !x
signature        0x00840000         0x00000400         rw !x
user_signatures  0x00850000         0x00000400         rw !x
*default*        0x00000000         0xffffffff

Linker script and memory map

LOAD A:/Atmel/7.0/Packs/atmel/ATmega_DFP/1.2.209/gcc/dev/atmega8a/avr4/crtatmega8a.o
LOAD main.o
LOAD Nokia5110.o
LOAD Ps2.o
START GROUP
LOAD a:/atmel/7.0/toolchain/avr8/avr8-gnu-toolchain/bin/../lib/gcc/avr/5.4.0/../../../../avr/lib/avr4\libm.a
END GROUP
LOAD a:/atmel/7.0/toolchain/avr8/avr8-gnu-toolchain/bin/../lib/gcc/avr/5.4.0/avr4\libgcc.a
LOAD a:/atmel/7.0/toolchain/avr8/avr8-gnu-toolchain/bin/../lib/gcc/avr/5.4.0/../../../../avr/lib/avr4\libm.a
START GROUP
LOAD a:/atmel/7.0/toolchain/avr8/avr8-gnu-toolchain/bin/../lib/gcc/avr/5.4.0/avr4\libgcc.a
LOAD a:/atmel/7.0/toolchain/avr8/avr8-gnu-toolchain/bin/../lib/gcc/avr/5.4.0/../../../../avr/lib/avr4\libm.a
LOAD a:/atmel/7.0/toolchain/avr8/avr8-gnu-toolchain/bin/../lib/gcc/avr/5.4.0/../../../../avr/lib/avr4\libc.a
LOAD A:/Atmel/7.0/Packs/atmel/ATmega_DFP/1.2.209/gcc/dev/atmega8a/avr4\libatmega8a.a
END GROUP
                0x00002000                __TEXT_REGION_LENGTH__ = DEFINED (__TEXT_REGION_LENGTH__)?__TEXT_REGION_LENGTH__:0x2000
                0x0000ffa0                __DATA_REGION_LENGTH__ = DEFINED (__DATA_REGION_LENGTH__)?__DATA_REGION_LENGTH__:0xffa0
                0x00010000                __EEPROM_REGION_LENGTH__ = DEFINED (__EEPROM_REGION_LENGTH__)?__EEPROM_REGION_LENGTH__:0x10000
                [0x00000002]                __FUSE_REGION_LENGTH__ = DEFINED (__FUSE_REGION_LENGTH__)?__FUSE_REGION_LENGTH__:0x400
                0x00000400                __LOCK_REGION_LENGTH__ = DEFINED (__LOCK_REGION_LENGTH__)?__LOCK_REGION_LENGTH__:0x400
                0x00000400                __SIGNATURE_REGION_LENGTH__ = DEFINED (__SIGNATURE_REGION_LENGTH__)?__SIGNATURE_REGION_LENGTH__:0x400
                0x00000400                __USER_SIGNATURE_REGION_LENGTH__ = DEFINED (__USER_SIGNATURE_REGION_LENGTH__)?__USER_SIGNATURE_REGION_LENGTH__:0x400

.hash
 *(.hash)

.dynsym
 *(.dynsym)

.dynstr
 *(.dynstr)

.gnu.version
 *(.gnu.version)

.gnu.version_d
 *(.gnu.version_d)

.gnu.version_r
 *(.gnu.version_r)

.rel.init
 *(.rel.init)

.rela.init
 *(.rela.init)

.rel.text
 *(.rel.text)
 *(.rel.text.*)
 *(.rel.gnu.linkonce.t*)

.rela.text
 *(.rela.text)
 *(.rela.text.*)
 *(.rela.gnu.linkonce.t*)

.rel.fini
 *(.rel.fini)

.rela.fini
 *(.rela.fini)

.rel.rodata
 *(.rel.rodata)
 *(.rel.rodata.*)
 *(.rel.gnu.linkonce.r*)

.rela.rodata
 *(.rela.rodata)
 *(.rela.rodata.*)
 *(.rela.gnu.linkonce.r*)

.rel.data
 *(.rel.data)
 *(.rel.data.*)
 *(.rel.gnu.linkonce.d*)

.rela.data
 *(.rela.data)
 *(.rela.data.*)
 *(.rela.gnu.linkonce.d*)

.rel.ctors
 *(.rel.ctors)

.rela.ctors
 *(.rela.ctors)

.rel.dtors
 *(.rel.dtors)

.rela.dtors
 *(.rela.dtors)

.rel.got
 *(.rel.got)

.rela.got
 *(.rela.got)

.rel.bss
 *(.rel.bss)

.rela.bss
 *(.rela.bss)

.rel.plt
 *(.rel.plt)

.rela.plt
 *(.rela.plt)

.text           0x00000000     0x101a
 *(.vectors)
 .vectors       0x00000000       0x26 A:/Atmel/7.0/Packs/atmel/ATmega_DFP/1.2.209/gcc/dev/atmega8a/avr4/crtatmega8a.o
                0x00000000                __vector_default
                0x00000000                __vectors
 *(.vectors)
 *(.progmem.gcc*)
 .progmem.gcc_sw_table._ZN3PS27getCharEv
                0x00000026       0xe4 Ps2.o
                0x0000010a                . = ALIGN (0x2)
                0x0000010a                __trampolines_start = .
 *(.trampolines)
 .trampolines   0x0000010a        0x0 linker stubs
 *(.trampolines*)
                0x0000010a                __trampolines_end = .
 *libprintf_flt.a:*(.progmem.data)
 *libc.a:*(.progmem.data)
 *(.progmem*)
                0x0000010a                . = ALIGN (0x2)
 *(.jumptables)
 *(.jumptables*)
 *(.lowtext)
 *(.lowtext*)
                0x0000010a                __ctors_start = .
 *(.ctors)
 .ctors         0x0000010a        0x2 main.o
                0x0000010c                __ctors_end = .
                0x0000010c                __dtors_start = .
 *(.dtors)
                0x0000010c                __dtors_end = .
 SORT(*)(.ctors)
 SORT(*)(.dtors)
 *(.init0)
 .init0         0x0000010c        0x0 A:/Atmel/7.0/Packs/atmel/ATmega_DFP/1.2.209/gcc/dev/atmega8a/avr4/crtatmega8a.o
                0x0000010c                __init
 *(.init0)
 *(.init1)
 *(.init1)
 *(.init2)
 .init2         0x0000010c        0xc A:/Atmel/7.0/Packs/atmel/ATmega_DFP/1.2.209/gcc/dev/atmega8a/avr4/crtatmega8a.o
 *(.init2)
 *(.init3)
 *(.init3)
 *(.init4)
 .init4         0x00000118       0x16 a:/atmel/7.0/toolchain/avr8/avr8-gnu-toolchain/bin/../lib/gcc/avr/5.4.0/avr4\libgcc.a(_copy_data.o)
                0x00000118                __do_copy_data
 .init4         0x0000012e       0x10 a:/atmel/7.0/toolchain/avr8/avr8-gnu-toolchain/bin/../lib/gcc/avr/5.4.0/avr4\libgcc.a(_clear_bss.o)
                0x0000012e                __do_clear_bss
 *(.init4)
 *(.init5)
 *(.init5)
 *(.init6)
 .init6         0x0000013e       0x14 a:/atmel/7.0/toolchain/avr8/avr8-gnu-toolchain/bin/../lib/gcc/avr/5.4.0/avr4\libgcc.a(_ctors.o)
                0x0000013e                __do_global_ctors
 *(.init6)
 *(.init7)
 *(.init7)
 *(.init8)
 *(.init8)
 *(.init9)
 .init9         0x00000152        0x4 A:/Atmel/7.0/Packs/atmel/ATmega_DFP/1.2.209/gcc/dev/atmega8a/avr4/crtatmega8a.o
 *(.init9)
 *(.text)
 .text          0x00000156        0x2 A:/Atmel/7.0/Packs/atmel/ATmega_DFP/1.2.209/gcc/dev/atmega8a/avr4/crtatmega8a.o
                0x00000156                __vector_12
                0x00000156                __bad_interrupt
                0x00000156                __vector_6
                0x00000156                __vector_3
                0x00000156                __vector_11
                0x00000156                __vector_13
                0x00000156                __vector_17
                0x00000156                __vector_7
                0x00000156                __vector_5
                0x00000156                __vector_4
                0x00000156                __vector_9
                0x00000156                __vector_2
                0x00000156                __vector_15
                0x00000156                __vector_8
                0x00000156                __vector_14
                0x00000156                __vector_10
                0x00000156                __vector_16
                0x00000156                __vector_18
                0x00000158                . = ALIGN (0x2)
 *(.text.*)
 .text._Z10USART_Initv
                0x00000158       0x10 main.o
                0x00000158                _Z10USART_Initv
 .text._Z14USART_Transmitc
                0x00000168        0x8 main.o
                0x00000168                _Z14USART_Transmitc
 .text._Z16USART_SendStringPc
                0x00000170       0x1c main.o
                0x00000170                _Z16USART_SendStringPc
 .text._Z8PrevMenuv
                0x0000018c       0x98 main.o
                0x0000018c                _Z8PrevMenuv
 .text._Z8NextMenuv
                0x00000224       0xca main.o
                0x00000224                _Z8NextMenuv
 .text.main     0x000002ee       0x90 main.o
                0x000002ee                main
 .text._GLOBAL__sub_I_mySystem
                0x0000037e       0x32 main.o
 .text._ZN7PCD8544C2Eiiiii
                0x000003b0       0xbe Nokia5110.o
                0x000003b0                _ZN7PCD8544C2Eiiiii
                0x000003b0                _ZN7PCD8544C1Eiiiii
 .text._ZN7PCD85449sendToPCDEih
                0x0000046e       0xf4 Nokia5110.o
                0x0000046e                _ZN7PCD85449sendToPCDEih
 .text._ZN7PCD854411sendCommandEh
                0x00000562        0xa Nokia5110.o
                0x00000562                _ZN7PCD854411sendCommandEh
 .text._ZN7PCD85448sendDataEh
                0x0000056c        0xa Nokia5110.o
                0x0000056c                _ZN7PCD85448sendDataEh
 .text._ZN7PCD85449setCursorEhh
                0x00000576       0x2c Nokia5110.o
                0x00000576                _ZN7PCD85449setCursorEhh
 .text._ZN7PCD85445resetEv
                0x000005a2       0x66 Nokia5110.o
                0x000005a2                _ZN7PCD85445resetEv
 .text._ZN7PCD854410clearSreenEv
                0x00000608       0x28 Nokia5110.o
                0x00000608                _ZN7PCD854410clearSreenEv
 .text._ZN7PCD85445beginEv
                0x00000630       0x42 Nokia5110.o
                0x00000630                _ZN7PCD85445beginEv
 .text._ZN7PCD854411charDisplayEic
                0x00000672       0x62 Nokia5110.o
                0x00000672                _ZN7PCD854411charDisplayEic
 .text._ZN7PCD854411lineDisplayEiPc
                0x000006d4       0xb4 Nokia5110.o
                0x000006d4                _ZN7PCD854411lineDisplayEiPc
 .text._ZN7PCD854410createMenuEiiiPcPS0_
                0x00000788       0x54 Nokia5110.o
                0x00000788                _ZN7PCD854410createMenuEiiiPcPS0_
 .text._ZN7PCD854411displayMenuEv
                0x000007dc      0x11c Nokia5110.o
                0x000007dc                _ZN7PCD854411displayMenuEv
 .text._ZN7PCD854410getPointerEv
                0x000008f8        0x8 Nokia5110.o
                0x000008f8                _ZN7PCD854410getPointerEv
 .text._ZN7PCD85448getTitleEv
                0x00000900        0x8 Nokia5110.o
                0x00000900                _ZN7PCD85448getTitleEv
 .text._ZN7PCD854415increasePointerEv
                0x00000908       0x38 Nokia5110.o
                0x00000908                _ZN7PCD854415increasePointerEv
 .text._ZN7PCD854415decreasePointerEv
                0x00000940       0x32 Nokia5110.o
                0x00000940                _ZN7PCD854415decreasePointerEv
 .text._ZN3PS2C2Ev
                0x00000972        0x6 Ps2.o
                0x00000972                _ZN3PS2C1Ev
                0x00000972                _ZN3PS2C2Ev
 .text._ZN3PS29oddParityEh
                0x00000978       0x2a Ps2.o
                0x00000978                _ZN3PS29oddParityEh
 .text._ZN3PS211sendCommandEh
                0x000009a2       0x4a Ps2.o
                0x000009a2                _ZN3PS211sendCommandEh
 .text._ZN3PS25beginEv
                0x000009ec       0x4a Ps2.o
                0x000009ec                _ZN3PS25beginEv
 .text._ZN3PS28setLightEv
                0x00000a36       0x22 Ps2.o
                0x00000a36                _ZN3PS28setLightEv
 .text._ZN3PS29availableEv
                0x00000a58        0xe Ps2.o
                0x00000a58                _ZN3PS29availableEv
 .text._ZN3PS27getCharEv
                0x00000a66      0x3b8 Ps2.o
                0x00000a66                _ZN3PS27getCharEv
 .text.__vector_1
                0x00000e1e      0x1ec Ps2.o
                0x00000e1e                __vector_1
 .text.libgcc   0x0000100a        0xc a:/atmel/7.0/toolchain/avr8/avr8-gnu-toolchain/bin/../lib/gcc/avr/5.4.0/avr4\libgcc.a(_tablejump2.o)
                0x0000100a                __tablejump2__
                0x00001016                . = ALIGN (0x2)
 *(.fini9)
 .fini9         0x00001016        0x0 a:/atmel/7.0/toolchain/avr8/avr8-gnu-toolchain/bin/../lib/gcc/avr/5.4.0/avr4\libgcc.a(_exit.o)
                0x00001016                _exit
                0x00001016                exit
 *(.fini9)
 *(.fini8)
 *(.fini8)
 *(.fini7)
 *(.fini7)
 *(.fini6)
 *(.fini6)
 *(.fini5)
 *(.fini5)
 *(.fini4)
 *(.fini4)
 *(.fini3)
 *(.fini3)
 *(.fini2)
 *(.fini2)
 *(.fini1)
 *(.fini1)
 *(.fini0)
 .fini0         0x00001016        0x4 a:/atmel/7.0/toolchain/avr8/avr8-gnu-toolchain/bin/../lib/gcc/avr/5.4.0/avr4\libgcc.a(_exit.o)
 *(.fini0)
                0x0000101a                _etext = .

.data           0x00800060      0x268 load address 0x0000101a
                0x00800060                PROVIDE (__data_start, .)
 *(.data)
 *(.data*)
 .data.List     0x00800060        0x6 main.o
                0x00800060                List
 .data.Setting  0x00800066        0x6 main.o
                0x00800066                Setting
 .data.RFID     0x0080006c        0x6 main.o
                0x0080006c                RFID
 .data.mySystem
                0x00800072        0x4 main.o
                0x00800072                mySystem
 *(.gnu.linkonce.d*)
 *(.rodata)
 *(.rodata*)
 .rodata.str1.1
                0x00800076       0x6f main.o
                                 0x8a (size before relaxing)
 .rodata.str1.1
                0x008000e5        0x2 Nokia5110.o
 .rodata._ZL7CHARSET
                0x008000e7      0x1e0 Nokia5110.o
 *(.gnu.linkonce.r*)
                0x008002c8                . = ALIGN (0x2)
 *fill*         0x008002c7        0x1 
                0x008002c8                _edata = .
                0x008002c8                PROVIDE (__data_end, .)

.bss            0x008002c8       0x23
                0x008002c8                PROVIDE (__bss_start, .)
 *(.bss)
 *(.bss*)
 .bss.kb        0x008002c8        0x1 main.o
                0x008002c8                kb
 .bss.LCD       0x008002c9       0x12 main.o
                0x008002c9                LCD
 .bss.cmd_ACKOk
                0x008002db        0x1 Ps2.o
                0x008002db                cmd_ACKOk
 .bss.cmd_Parity
                0x008002dc        0x1 Ps2.o
                0x008002dc                cmd_Parity
 .bss.cmd_ACKValue
                0x008002dd        0x1 Ps2.o
                0x008002dd                cmd_ACKValue
 .bss.cmd_Value
                0x008002de        0x1 Ps2.o
                0x008002de                cmd_Value
 .bss.cmd_Count
                0x008002df        0x2 Ps2.o
                0x008002df                cmd_Count
 .bss.cmd_InProgress
                0x008002e1        0x1 Ps2.o
                0x008002e1                cmd_InProgress
 .bss.kb_ScrollLock
                0x008002e2        0x1 Ps2.o
                0x008002e2                kb_ScrollLock
 .bss.kb_Numlock
                0x008002e3        0x1 Ps2.o
                0x008002e3                kb_Numlock
 .bss.kb_Capslock
                0x008002e4        0x1 Ps2.o
                0x008002e4                kb_Capslock
 .bss.kb_Shift  0x008002e5        0x1 Ps2.o
                0x008002e5                kb_Shift
 .bss.kb_Release
                0x008002e6        0x1 Ps2.o
                0x008002e6                kb_Release
 .bss.kb_Extend
                0x008002e7        0x1 Ps2.o
                0x008002e7                kb_Extend
 .bss.char_Count
                0x008002e8        0x1 Ps2.o
                0x008002e8                char_Count
 .bss.char_Received
                0x008002e9        0x1 Ps2.o
                0x008002e9                char_Received
 .bss.char_Current
                0x008002ea        0x1 Ps2.o
                0x008002ea                char_Current
 *(COMMON)
                0x008002eb                PROVIDE (__bss_end, .)
                0x0000101a                __data_load_start = LOADADDR (.data)
                0x00001282                __data_load_end = (__data_load_start + SIZEOF (.data))

.noinit         0x008002eb        0x0
                [!provide]                PROVIDE (__noinit_start, .)
 *(.noinit*)
                [!provide]                PROVIDE (__noinit_end, .)
                0x008002eb                _end = .
                [!provide]                PROVIDE (__heap_start, .)

.eeprom         0x00810000        0x0
 *(.eeprom*)
                0x00810000                __eeprom_end = .

.fuse
 *(.fuse)
 *(.lfuse)
 *(.hfuse)
 *(.efuse)

.lock
 *(.lock*)

.signature
 *(.signature*)

.user_signatures
 *(.user_signatures*)

.stab
 *(.stab)

.stabstr
 *(.stabstr)

.stab.excl
 *(.stab.excl)

.stab.exclstr
 *(.stab.exclstr)

.stab.index
 *(.stab.index)

.stab.indexstr
 *(.stab.indexstr)

.comment        0x00000000       0x30
 *(.comment)
 .comment       0x00000000       0x30 main.o
                                 0x31 (size before relaxing)
 .comment       0x00000030       0x31 Nokia5110.o
 .comment       0x00000030       0x31 Ps2.o

.note.gnu.avr.deviceinfo
                0x00000000       0x3c
 .note.gnu.avr.deviceinfo
                0x00000000       0x3c A:/Atmel/7.0/Packs/atmel/ATmega_DFP/1.2.209/gcc/dev/atmega8a/avr4/crtatmega8a.o

.note.gnu.build-id
 *(.note.gnu.build-id)

.debug
 *(.debug)

.line
 *(.line)

.debug_srcinfo
 *(.debug_srcinfo)

.debug_sfnames
 *(.debug_sfnames)

.debug_aranges  0x00000000      0x140
 *(.debug_aranges)
 .debug_aranges
                0x00000000       0x50 main.o
 .debug_aranges
                0x00000050       0x98 Nokia5110.o
 .debug_aranges
                0x000000e8       0x58 Ps2.o

.debug_pubnames
 *(.debug_pubnames)

.debug_info     0x00000000     0x23f0
 *(.debug_info .gnu.linkonce.wi.*)
 .debug_info    0x00000000      0x48c A:/Atmel/7.0/Packs/atmel/ATmega_DFP/1.2.209/gcc/dev/atmega8a/avr4/crtatmega8a.o
 .debug_info    0x0000048c      0xce8 main.o
 .debug_info    0x00001174      0xcc5 Nokia5110.o
 .debug_info    0x00001e39      0x5b7 Ps2.o

.debug_abbrev   0x00000000      0xbe0
 *(.debug_abbrev)
 .debug_abbrev  0x00000000      0x44e A:/Atmel/7.0/Packs/atmel/ATmega_DFP/1.2.209/gcc/dev/atmega8a/avr4/crtatmega8a.o
 .debug_abbrev  0x0000044e      0x29c main.o
 .debug_abbrev  0x000006ea      0x26a Nokia5110.o
 .debug_abbrev  0x00000954      0x28c Ps2.o

.debug_line     0x00000000      0xfab
 *(.debug_line .debug_line.* .debug_line_end)
 .debug_line    0x00000000      0x109 A:/Atmel/7.0/Packs/atmel/ATmega_DFP/1.2.209/gcc/dev/atmega8a/avr4/crtatmega8a.o
 .debug_line    0x00000109      0x26f main.o
 .debug_line    0x00000378      0x4f1 Nokia5110.o
 .debug_line    0x00000869      0x742 Ps2.o

.debug_frame    0x00000000      0x388
 *(.debug_frame)
 .debug_frame   0x00000000       0xcc main.o
 .debug_frame   0x000000cc      0x1fc Nokia5110.o
 .debug_frame   0x000002c8       0xc0 Ps2.o

.debug_str      0x00000000      0x8cb
 *(.debug_str)
 .debug_str     0x00000000      0x17a A:/Atmel/7.0/Packs/atmel/ATmega_DFP/1.2.209/gcc/dev/atmega8a/avr4/crtatmega8a.o
 .debug_str     0x0000017a      0x5cc main.o
                                0x613 (size before relaxing)
 .debug_str     0x00000746       0xa0 Nokia5110.o
                                0x4eb (size before relaxing)
 .debug_str     0x000007e6       0xe5 Ps2.o
                                0x38b (size before relaxing)

.debug_loc      0x00000000     0x13b7
 *(.debug_loc)
 .debug_loc     0x00000000      0x240 main.o
 .debug_loc     0x00000240      0xb99 Nokia5110.o
 .debug_loc     0x00000dd9      0x5de Ps2.o

.debug_macinfo
 *(.debug_macinfo)

.debug_weaknames
 *(.debug_weaknames)

.debug_funcnames
 *(.debug_funcnames)

.debug_typenames
 *(.debug_typenames)

.debug_varnames
 *(.debug_varnames)

.debug_pubtypes
 *(.debug_pubtypes)

.debug_ranges   0x00000000      0x128
 *(.debug_ranges)
 .debug_ranges  0x00000000       0x40 main.o
 .debug_ranges  0x00000040       0xa0 Nokia5110.o
 .debug_ranges  0x000000e0       0x48 Ps2.o

.debug_macro
 *(.debug_macro)
OUTPUT(Roll-Call System.elf elf32-avr)
LOAD linker stubs
